2026-09-20T10:00:01 INFO  http: POST /api/sepet 200 istek=9aba7d sure=150ms
2026-09-20T10:00:02 INFO  http: GET /api/rapor 200 istek=aba59b sure=87ms
2026-09-20T10:00:04 INFO  http: POST /api/odeme 200 istek=8c5bf4 sure=119ms
2026-09-20T10:00:07 INFO  http: POST /api/stok 200 istek=9b0d64 sure=22ms
2026-09-20T10:00:11 INFO  http: POST /api/kargo 200 istek=9500ff sure=42ms
2026-09-20T10:00:12 INFO  http: GET /api/odeme 200 istek=4d83b5 sure=159ms
2026-09-20T10:00:13 INFO  http: GET /api/kargo 200 istek=6e92a2 sure=61ms
2026-09-20T10:00:16 INFO  http: POST /api/sepet 200 istek=e8b42f sure=83ms
2026-09-20T10:00:18 INFO  http: GET /api/fiyat 200 istek=55bc5e sure=177ms
2026-09-20T10:00:20 INFO  http: POST /api/sepet 200 istek=28ed03 sure=16ms
2026-09-20T10:00:24 INFO  http: POST /api/bildirim 200 istek=a88b48 sure=30ms
2026-09-20T10:00:26 INFO  http: GET /api/rapor 200 istek=8d1934 sure=55ms
2026-09-20T10:00:30 INFO  http: GET /api/kargo 200 istek=c269c5 sure=75ms
2026-09-20T10:00:33 INFO  http: GET /api/odeme 200 istek=ada9e5 sure=123ms
2026-09-20T10:00:36 INFO  http: POST /api/kullanici 200 istek=7a79a8 sure=178ms
2026-09-20T10:00:39 INFO  http: GET /api/rapor 200 istek=ed342a sure=62ms
2026-09-20T10:00:40 INFO  http: GET /api/bildirim 200 istek=2c12d6 sure=120ms
2026-09-20T10:00:44 INFO  http: POST /api/kargo 200 istek=362338 sure=163ms
2026-09-20T10:00:47 INFO  http: POST /api/stok 200 istek=38190a sure=103ms
2026-09-20T10:00:51 INFO  http: GET /api/bildirim 200 istek=0d9029 sure=10ms
2026-09-20T10:00:55 INFO  http: POST /api/sepet 200 istek=daf826 sure=25ms
2026-09-20T10:00:58 INFO  http: GET /api/kargo 200 istek=55aadf sure=86ms
2026-09-20T10:00:59 INFO  http: POST /api/fiyat 200 istek=56dd26 sure=41ms
2026-09-20T10:01:00 INFO  http: GET /api/bildirim 200 istek=3c86c1 sure=177ms
2026-09-20T10:01:01 INFO  http: POST /api/kullanici 200 istek=3a4f67 sure=132ms
2026-09-20T10:01:04 INFO  http: POST /api/rapor 200 istek=9c0bef sure=74ms
2026-09-20T10:01:05 INFO  http: POST /api/fiyat 200 istek=05d0c1 sure=79ms
2026-09-20T10:01:07 INFO  http: GET /api/sepet 200 istek=8d489a sure=148ms
2026-09-20T10:01:10 INFO  http: GET /api/stok 200 istek=18cee4 sure=73ms
2026-09-20T10:01:13 INFO  http: POST /api/kargo 200 istek=e550e3 sure=54ms
2026-09-20T10:01:14 INFO  http: POST /api/odeme 200 istek=abba32 sure=38ms
2026-09-20T10:01:17 INFO  http: POST /api/rapor 200 istek=7acf0f sure=130ms
2026-09-20T10:01:21 INFO  http: GET /api/fiyat 200 istek=af807d sure=20ms
2026-09-20T10:01:23 INFO  http: POST /api/fiyat 200 istek=bbf43b sure=145ms
2026-09-20T10:01:25 INFO  http: POST /api/bildirim 200 istek=70c2e7 sure=173ms
2026-09-20T10:01:26 INFO  http: GET /api/fiyat 200 istek=342eb8 sure=109ms
2026-09-20T10:01:29 INFO  http: GET /api/sepet 200 istek=3c1f36 sure=28ms
2026-09-20T10:01:33 INFO  http: GET /api/odeme 200 istek=b0694e sure=46ms
2026-09-20T10:01:36 INFO  http: POST /api/sepet 200 istek=cdb925 sure=49ms
2026-09-20T10:01:38 INFO  http: POST /api/sepet 200 istek=fe5650 sure=79ms
2026-09-20T10:01:40 INFO  http: POST /api/stok 200 istek=7af541 sure=81ms
2026-09-20T10:01:43 INFO  http: POST /api/sepet 200 istek=8f316b sure=5ms
2026-09-20T10:01:44 INFO  http: POST /api/kullanici 200 istek=2d4456 sure=104ms
2026-09-20T10:01:45 INFO  http: GET /api/odeme 200 istek=95116d sure=34ms
2026-09-20T10:01:47 INFO  http: POST /api/bildirim 200 istek=d6c2ca sure=63ms
2026-09-20T10:01:51 INFO  http: POST /api/fiyat 200 istek=b140d9 sure=91ms
2026-09-20T10:01:52 INFO  http: POST /api/stok 200 istek=c7ce4d sure=82ms
2026-09-20T10:01:53 INFO  http: GET /api/sepet 200 istek=c3fcd5 sure=115ms
2026-09-20T10:01:54 INFO  http: GET /api/sepet 200 istek=0aac52 sure=14ms
2026-09-20T10:01:56 INFO  http: POST /api/odeme 200 istek=e4d47d sure=145ms
2026-09-20T10:02:00 INFO  http: GET /api/kargo 200 istek=763b79 sure=21ms
2026-09-20T10:02:04 INFO  http: POST /api/bildirim 200 istek=779508 sure=44ms
2026-09-20T10:02:08 INFO  http: POST /api/odeme 200 istek=b3da58 sure=113ms
2026-09-20T10:02:09 INFO  http: GET /api/stok 200 istek=c6d1b0 sure=8ms
2026-09-20T10:02:11 INFO  http: POST /api/kargo 200 istek=81cc90 sure=68ms
2026-09-20T10:02:15 INFO  http: POST /api/fiyat 200 istek=0e5c21 sure=98ms
2026-09-20T10:02:19 INFO  http: GET /api/sepet 200 istek=3160c8 sure=102ms
2026-09-20T10:02:22 INFO  http: GET /api/sepet 200 istek=726448 sure=5ms
2026-09-20T10:02:26 INFO  http: POST /api/rapor 200 istek=9dc968 sure=35ms
2026-09-20T10:02:27 INFO  http: GET /api/stok 200 istek=c8246f sure=172ms
2026-09-20T10:02:31 INFO  http: GET /api/odeme 200 istek=a76a2a sure=126ms
2026-09-20T10:02:32 INFO  http: POST /api/bildirim 200 istek=cc5c54 sure=163ms
2026-09-20T10:02:36 INFO  http: GET /api/stok 200 istek=f3924c sure=109ms
2026-09-20T10:02:39 INFO  http: POST /api/sepet 200 istek=538c4d sure=128ms
2026-09-20T10:02:40 INFO  http: POST /api/sepet 200 istek=8abd2f sure=79ms
2026-09-20T10:02:44 INFO  http: POST /api/stok 200 istek=2e53cb sure=79ms
2026-09-20T10:02:48 INFO  http: POST /api/stok 200 istek=432d81 sure=156ms
2026-09-20T10:02:51 INFO  http: POST /api/rapor 200 istek=a0e846 sure=91ms
2026-09-20T10:02:53 INFO  http: GET /api/rapor 200 istek=7edbae sure=169ms
2026-09-20T10:02:56 INFO  http: GET /api/stok 200 istek=0fbcc6 sure=6ms
2026-09-20T10:02:58 INFO  http: POST /api/rapor 200 istek=833544 sure=96ms
2026-09-20T10:02:59 INFO  http: POST /api/bildirim 200 istek=c64885 sure=52ms
2026-09-20T10:03:01 INFO  http: POST /api/kullanici 200 istek=77291b sure=49ms
2026-09-20T10:03:05 INFO  http: GET /api/bildirim 200 istek=434471 sure=121ms
2026-09-20T10:03:09 INFO  http: GET /api/stok 200 istek=11f1e9 sure=21ms
2026-09-20T10:03:12 INFO  http: GET /api/kullanici 200 istek=456c84 sure=172ms
2026-09-20T10:03:14 INFO  http: GET /api/kullanici 200 istek=6d527c sure=116ms
2026-09-20T10:03:17 INFO  http: GET /api/kullanici 200 istek=ad3f48 sure=170ms
2026-09-20T10:03:19 INFO  http: GET /api/fiyat 200 istek=b9b6d3 sure=137ms
2026-09-20T10:03:22 INFO  http: POST /api/sepet 200 istek=f8ee24 sure=157ms
2026-09-20T10:03:24 INFO  http: POST /api/odeme 200 istek=6cbb83 sure=123ms
2026-09-20T10:03:28 INFO  http: GET /api/sepet 200 istek=d05b8e sure=110ms
2026-09-20T10:03:31 INFO  http: POST /api/bildirim 200 istek=a86d1f sure=144ms
2026-09-20T10:03:35 INFO  http: POST /api/odeme 200 istek=1f25de sure=13ms
2026-09-20T10:03:36 INFO  http: POST /api/fiyat 200 istek=472dbe sure=90ms
2026-09-20T10:03:39 INFO  http: POST /api/kullanici 200 istek=a54e44 sure=167ms
2026-09-20T10:03:40 INFO  http: POST /api/rapor 200 istek=dd2a2d sure=152ms
2026-09-20T10:03:42 INFO  http: POST /api/odeme 200 istek=50f52b sure=102ms
2026-09-20T10:03:46 INFO  http: POST /api/fiyat 200 istek=1b2416 sure=111ms
2026-09-20T10:03:49 INFO  http: POST /api/stok 200 istek=8d5310 sure=144ms
2026-09-20T10:03:50 INFO  http: GET /api/bildirim 200 istek=ab7e66 sure=138ms
2026-09-20T10:03:53 INFO  http: POST /api/sepet 200 istek=0a574d sure=36ms
2026-09-20T10:03:57 INFO  http: GET /api/rapor 200 istek=bce1af sure=21ms
2026-09-20T10:03:58 INFO  http: POST /api/kullanici 200 istek=e94702 sure=56ms
2026-09-20T10:04:02 INFO  http: POST /api/odeme 200 istek=c9a620 sure=76ms
2026-09-20T10:04:06 INFO  http: GET /api/kargo 200 istek=d540fc sure=99ms
2026-09-20T10:04:07 INFO  http: POST /api/stok 200 istek=b7f558 sure=24ms
2026-09-20T10:04:08 INFO  http: GET /api/sepet 200 istek=75a4d4 sure=29ms
2026-09-20T10:04:11 INFO  http: GET /api/kargo 200 istek=c85e1e sure=121ms
2026-09-20T10:04:14 INFO  http: POST /api/fiyat 200 istek=5555ec sure=81ms
2026-09-20T10:04:15 INFO  http: POST /api/rapor 200 istek=fb675c sure=39ms
2026-09-20T10:04:18 INFO  http: GET /api/odeme 200 istek=6c719f sure=98ms
2026-09-20T10:04:19 INFO  http: GET /api/kargo 200 istek=18421e sure=23ms
2026-09-20T10:04:20 INFO  http: GET /api/bildirim 200 istek=d5e4f0 sure=42ms
2026-09-20T10:04:22 INFO  http: GET /api/sepet 200 istek=05ff10 sure=36ms
2026-09-20T10:04:26 INFO  http: GET /api/kargo 200 istek=dc8032 sure=106ms
2026-09-20T10:04:30 INFO  http: GET /api/sepet 200 istek=118396 sure=60ms
2026-09-20T10:04:32 INFO  http: POST /api/fiyat 200 istek=ed7340 sure=76ms
2026-09-20T10:04:34 INFO  http: POST /api/kargo 200 istek=1bb072 sure=118ms
2026-09-20T10:04:35 INFO  http: POST /api/fiyat 200 istek=bfcebd sure=88ms
2026-09-20T10:04:39 INFO  http: POST /api/kargo 200 istek=325ebe sure=120ms
2026-09-20T10:04:42 INFO  http: POST /api/bildirim 200 istek=a5c8ff sure=121ms
2026-09-20T10:04:43 INFO  http: POST /api/kullanici 200 istek=f55af0 sure=74ms
2026-09-20T10:04:45 INFO  http: GET /api/sepet 200 istek=8a8d72 sure=131ms
2026-09-20T10:04:46 INFO  http: GET /api/kullanici 200 istek=613741 sure=134ms
2026-09-20T10:04:47 INFO  http: GET /api/kargo 200 istek=9e0ab5 sure=80ms
2026-09-20T10:04:51 INFO  http: GET /api/fiyat 200 istek=4b1918 sure=64ms
2026-09-20T10:04:53 INFO  http: POST /api/kullanici 200 istek=3f4e5c sure=41ms
2026-09-20T10:04:56 INFO  http: GET /api/kargo 200 istek=88448b sure=23ms
2026-09-20T10:04:58 INFO  http: POST /api/kullanici 200 istek=ee4617 sure=135ms
2026-09-20T10:05:00 INFO  http: POST /api/kargo 200 istek=ad1c1b sure=42ms
2026-09-20T10:05:03 INFO  http: GET /api/fiyat 200 istek=546227 sure=158ms
2026-09-20T10:05:07 INFO  http: POST /api/kullanici 200 istek=a79559 sure=155ms
2026-09-20T10:05:08 INFO  http: POST /api/odeme 200 istek=7c5a94 sure=158ms
2026-09-20T10:05:09 INFO  http: GET /api/stok 200 istek=3ca5a2 sure=95ms
2026-09-20T10:05:11 INFO  http: GET /api/fiyat 200 istek=c392f5 sure=19ms
2026-09-20T10:05:13 INFO  http: GET /api/rapor 200 istek=c4bb60 sure=108ms
2026-09-20T10:05:16 INFO  http: POST /api/stok 200 istek=7c04df sure=43ms
2026-09-20T10:05:19 INFO  http: GET /api/odeme 200 istek=de7021 sure=161ms
2026-09-20T10:05:23 INFO  http: GET /api/sepet 200 istek=da4239 sure=108ms
2026-09-20T10:05:26 INFO  http: POST /api/stok 200 istek=0e9974 sure=32ms
2026-09-20T10:05:27 INFO  http: POST /api/odeme 200 istek=c579a6 sure=112ms
2026-09-20T10:05:28 INFO  http: POST /api/kargo 200 istek=2dd0b1 sure=24ms
2026-09-20T10:05:29 INFO  http: GET /api/kargo 200 istek=7a661d sure=33ms
2026-09-20T10:05:33 INFO  http: GET /api/kullanici 200 istek=39e760 sure=143ms
2026-09-20T10:05:35 INFO  http: GET /api/kargo 200 istek=caed7c sure=175ms
2026-09-20T10:05:37 INFO  http: POST /api/odeme 200 istek=fc2346 sure=62ms
2026-09-20T10:05:39 INFO  http: POST /api/stok 200 istek=d99c52 sure=58ms
2026-09-20T10:05:42 INFO  http: POST /api/sepet 200 istek=9e0f1f sure=118ms
2026-09-20T10:05:43 INFO  http: POST /api/odeme 200 istek=111128 sure=133ms
2026-09-20T10:05:46 INFO  http: POST /api/rapor 200 istek=ed75e1 sure=20ms
2026-09-20T10:05:50 INFO  http: GET /api/stok 200 istek=3357c7 sure=38ms
2026-09-20T10:05:54 INFO  http: GET /api/bildirim 200 istek=7c4085 sure=155ms
2026-09-20T10:05:56 INFO  http: POST /api/sepet 200 istek=0c7bd5 sure=75ms
2026-09-20T10:05:59 INFO  http: POST /api/fiyat 200 istek=5e24ce sure=3ms
2026-09-20T10:06:01 INFO  http: GET /api/stok 200 istek=86e905 sure=112ms
2026-09-20T10:06:04 INFO  http: GET /api/fiyat 200 istek=e74d9e sure=88ms
2026-09-20T10:06:06 INFO  http: POST /api/odeme 200 istek=a1f4bf sure=179ms
2026-09-20T10:06:08 INFO  http: GET /api/fiyat 200 istek=f5cb45 sure=51ms
2026-09-20T10:06:11 INFO  http: GET /api/rapor 200 istek=c8ad37 sure=100ms
2026-09-20T10:06:15 INFO  http: GET /api/kargo 200 istek=e8c5d2 sure=45ms
2026-09-20T10:06:18 INFO  http: GET /api/kullanici 200 istek=2caee7 sure=159ms
2026-09-20T10:06:20 INFO  http: POST /api/stok 200 istek=239e69 sure=138ms
2026-09-20T10:06:23 INFO  http: POST /api/kullanici 200 istek=3d6662 sure=69ms
2026-09-20T10:06:25 INFO  http: POST /api/rapor 200 istek=7e5c3a sure=10ms
2026-09-20T10:06:29 INFO  http: GET /api/fiyat 200 istek=aa2e8e sure=97ms
2026-09-20T10:06:33 INFO  http: GET /api/stok 200 istek=e2b1df sure=61ms
2026-09-20T10:06:34 INFO  http: POST /api/odeme 200 istek=56b82a sure=88ms
2026-09-20T10:06:38 INFO  http: POST /api/kullanici 200 istek=1cbff8 sure=106ms
2026-09-20T10:06:40 INFO  http: POST /api/odeme 200 istek=428c56 sure=164ms
2026-09-20T10:06:42 INFO  http: GET /api/stok 200 istek=b2a87f sure=39ms
2026-09-20T10:06:44 INFO  http: POST /api/odeme 200 istek=56b62e sure=125ms
2026-09-20T10:06:46 INFO  http: POST /api/odeme 200 istek=5c4424 sure=145ms
2026-09-20T10:06:48 INFO  http: POST /api/stok 200 istek=f33884 sure=109ms
2026-09-20T10:06:50 INFO  http: POST /api/odeme 200 istek=cdce7d sure=129ms
2026-09-20T10:06:51 INFO  http: GET /api/stok 200 istek=f07d82 sure=158ms
2026-09-20T10:06:52 INFO  http: POST /api/sepet 200 istek=199053 sure=88ms
2026-09-20T10:06:54 INFO  http: GET /api/kargo 200 istek=947485 sure=134ms
2026-09-20T10:06:57 INFO  http: GET /api/fiyat 200 istek=3c1d06 sure=130ms
2026-09-20T10:07:01 INFO  http: POST /api/sepet 200 istek=ec96dc sure=26ms
2026-09-20T10:07:03 INFO  http: POST /api/kullanici 200 istek=ec14f1 sure=68ms
2026-09-20T10:07:04 INFO  http: GET /api/kargo 200 istek=e2b3da sure=39ms
2026-09-20T10:07:07 INFO  http: POST /api/kullanici 200 istek=15500f sure=68ms
2026-09-20T10:07:11 INFO  http: GET /api/sepet 200 istek=eb4b7f sure=38ms
2026-09-20T10:07:15 INFO  http: POST /api/stok 200 istek=dd1795 sure=77ms
2026-09-20T10:07:19 INFO  http: GET /api/fiyat 200 istek=af8f64 sure=175ms
2026-09-20T10:07:22 INFO  http: POST /api/kargo 200 istek=75c085 sure=94ms
2026-09-20T10:07:24 INFO  http: POST /api/stok 200 istek=9bfcbc sure=141ms
2026-09-20T10:07:28 INFO  http: POST /api/rapor 200 istek=d81c1e sure=165ms
2026-09-20T10:07:30 INFO  http: GET /api/odeme 200 istek=a5f12a sure=149ms
2026-09-20T10:07:34 INFO  http: GET /api/fiyat 200 istek=22b87e sure=97ms
2026-09-20T10:07:37 INFO  http: POST /api/rapor 200 istek=29a2de sure=88ms
2026-09-20T10:07:41 INFO  http: POST /api/sepet 200 istek=ce5557 sure=10ms
2026-09-20T10:07:45 INFO  http: POST /api/kullanici 200 istek=47577d sure=85ms
2026-09-20T10:07:47 INFO  http: POST /api/kargo 200 istek=7ef1db sure=149ms
2026-09-20T10:07:48 INFO  http: GET /api/bildirim 200 istek=320941 sure=140ms
2026-09-20T10:07:50 INFO  http: POST /api/stok 200 istek=8c96fb sure=15ms
2026-09-20T10:07:52 INFO  http: GET /api/kargo 200 istek=64a2f5 sure=39ms
2026-09-20T10:07:55 INFO  http: POST /api/fiyat 200 istek=15c2aa sure=31ms
2026-09-20T10:07:59 INFO  http: GET /api/bildirim 200 istek=7488d0 sure=18ms
2026-09-20T10:08:00 INFO  http: GET /api/bildirim 200 istek=3b1901 sure=11ms
2026-09-20T10:08:03 INFO  http: POST /api/kullanici 200 istek=aabd28 sure=27ms
2026-09-20T10:08:07 INFO  http: POST /api/rapor 200 istek=f2a7ae sure=151ms
2026-09-20T10:08:08 INFO  http: GET /api/odeme 200 istek=b0ec8f sure=142ms
2026-09-20T10:08:10 INFO  http: GET /api/kargo 200 istek=d7dcc0 sure=59ms
2026-09-20T10:08:11 INFO  http: POST /api/sepet 200 istek=a6ba28 sure=105ms
2026-09-20T10:08:13 INFO  http: GET /api/fiyat 200 istek=4ef2d9 sure=70ms
2026-09-20T10:08:14 INFO  http: GET /api/rapor 200 istek=652dbe sure=166ms
2026-09-20T10:08:16 INFO  http: POST /api/kargo 200 istek=e59218 sure=165ms
2026-09-20T10:08:17 INFO  http: GET /api/odeme 200 istek=9a0bdf sure=95ms
2026-09-20T10:08:19 INFO  http: GET /api/fiyat 200 istek=a58fa8 sure=138ms
2026-09-20T10:08:20 INFO  http: GET /api/odeme 200 istek=fa6788 sure=43ms
2026-09-20T10:08:24 INFO  http: GET /api/fiyat 200 istek=df8c83 sure=152ms
2026-09-20T10:08:25 INFO  http: GET /api/rapor 200 istek=9c9ad6 sure=55ms
2026-09-20T10:08:29 INFO  http: POST /api/fiyat 200 istek=60a2d8 sure=48ms
2026-09-20T10:08:33 INFO  http: GET /api/sepet 200 istek=a6d361 sure=39ms
2026-09-20T10:08:36 INFO  http: GET /api/sepet 200 istek=830e01 sure=58ms
2026-09-20T10:08:40 INFO  http: GET /api/stok 200 istek=665a75 sure=154ms
2026-09-20T10:08:41 INFO  http: POST /api/sepet 200 istek=0748e6 sure=68ms
2026-09-20T10:08:44 INFO  http: GET /api/rapor 200 istek=1eca99 sure=73ms
2026-09-20T10:08:47 INFO  http: POST /api/sepet 200 istek=155270 sure=42ms
2026-09-20T10:08:50 INFO  http: GET /api/kargo 200 istek=4ecbf2 sure=124ms
2026-09-20T10:08:54 INFO  http: GET /api/stok 200 istek=eb97fd sure=116ms
2026-09-20T10:08:56 INFO  http: GET /api/fiyat 200 istek=bae292 sure=88ms
2026-09-20T10:08:57 INFO  http: POST /api/kargo 200 istek=14970b sure=40ms
2026-09-20T10:09:00 INFO  http: GET /api/rapor 200 istek=cdca38 sure=41ms
2026-09-20T10:09:04 INFO  http: POST /api/rapor 200 istek=451e77 sure=115ms
2026-09-20T10:09:08 INFO  http: GET /api/kullanici 200 istek=5a23a6 sure=136ms
2026-09-20T10:09:10 INFO  http: GET /api/bildirim 200 istek=a4e1c0 sure=106ms
2026-09-20T10:09:11 INFO  http: GET /api/kullanici 200 istek=d02c64 sure=108ms
2026-09-20T10:09:13 INFO  http: GET /api/fiyat 200 istek=2721b7 sure=29ms
2026-09-20T10:09:16 INFO  http: GET /api/stok 200 istek=fdb4fb sure=178ms
2026-09-20T10:09:17 INFO  http: GET /api/kargo 200 istek=970146 sure=6ms
2026-09-20T10:09:21 INFO  http: GET /api/stok 200 istek=e8fd41 sure=79ms
2026-09-20T10:09:22 INFO  http: POST /api/odeme 200 istek=26ce21 sure=117ms
2026-09-20T10:09:23 INFO  http: GET /api/kullanici 200 istek=13ac07 sure=16ms
2026-09-20T10:09:25 INFO  http: GET /api/odeme 200 istek=98b196 sure=52ms
2026-09-20T10:09:28 INFO  http: GET /api/kargo 200 istek=6b39e5 sure=104ms
2026-09-20T10:09:30 INFO  http: GET /api/fiyat 200 istek=a27210 sure=101ms
2026-09-20T10:09:31 INFO  http: POST /api/odeme 200 istek=578141 sure=144ms
2026-09-20T10:09:35 INFO  http: GET /api/bildirim 200 istek=789579 sure=142ms
2026-09-20T10:09:36 INFO  http: GET /api/rapor 200 istek=829820 sure=44ms
2026-09-20T10:09:40 INFO  http: POST /api/bildirim 200 istek=06f5fd sure=147ms
2026-09-20T10:09:41 WARN  db.havuz: baglanti havuzu %95 dolu (19/20)
2026-09-20T10:09:41 ERROR db.havuz: havuz tukendi, 30 sn beklendi istek=7f3a91
2026-09-20T10:09:41 ERROR siparis.kaydet: SiparisKaydedilemedi: veritabani baglantisi alinamadi istek=7f3a91
2026-09-20T10:09:41 ERROR http: POST /api/siparis 500 istek=7f3a91 sure=30012ms
2026-09-20T10:09:42 INFO  http: POST /api/odeme 200 istek=33fb3e sure=136ms
2026-09-20T10:09:45 INFO  http: GET /api/kargo 200 istek=6f1451 sure=161ms
2026-09-20T10:09:47 INFO  http: POST /api/kargo 200 istek=96fb8f sure=62ms
2026-09-20T10:09:48 INFO  http: POST /api/rapor 200 istek=0ce0ec sure=85ms
2026-09-20T10:09:51 INFO  http: POST /api/bildirim 200 istek=c7b908 sure=140ms
2026-09-20T10:09:55 INFO  http: GET /api/sepet 200 istek=c15175 sure=144ms
2026-09-20T10:09:57 INFO  http: GET /api/fiyat 200 istek=d73cc1 sure=43ms
2026-09-20T10:09:59 INFO  http: GET /api/fiyat 200 istek=c94a39 sure=64ms
2026-09-20T10:10:03 INFO  http: GET /api/kullanici 200 istek=07219f sure=28ms
2026-09-20T10:10:06 INFO  http: GET /api/odeme 200 istek=455159 sure=102ms
2026-09-20T10:10:07 INFO  http: GET /api/bildirim 200 istek=7441cd sure=116ms
2026-09-20T10:10:08 INFO  http: POST /api/bildirim 200 istek=7ffe37 sure=55ms
2026-09-20T10:10:12 INFO  http: GET /api/odeme 200 istek=6cf2b1 sure=164ms
2026-09-20T10:10:13 INFO  http: POST /api/kargo 200 istek=d7c326 sure=21ms
2026-09-20T10:10:16 INFO  http: GET /api/kullanici 200 istek=6d9908 sure=48ms
2026-09-20T10:10:19 INFO  http: GET /api/fiyat 200 istek=c19327 sure=50ms
2026-09-20T10:10:22 INFO  http: GET /api/fiyat 200 istek=674436 sure=161ms
2026-09-20T10:10:26 INFO  http: POST /api/fiyat 200 istek=5c61f2 sure=157ms
2026-09-20T10:10:28 INFO  http: POST /api/odeme 200 istek=64e939 sure=41ms
2026-09-20T10:10:31 INFO  http: GET /api/kullanici 200 istek=6f5168 sure=61ms
2026-09-20T10:10:34 INFO  http: POST /api/odeme 200 istek=aa95e8 sure=20ms
2026-09-20T10:10:36 INFO  http: POST /api/stok 200 istek=aceefd sure=59ms
2026-09-20T10:10:38 INFO  http: POST /api/kullanici 200 istek=ae8769 sure=53ms
2026-09-20T10:10:40 INFO  http: GET /api/kullanici 200 istek=2a9514 sure=15ms
2026-09-20T10:10:41 INFO  http: POST /api/stok 200 istek=7c6e28 sure=37ms
2026-09-20T10:10:42 INFO  http: GET /api/kullanici 200 istek=d102a4 sure=111ms
2026-09-20T10:10:43 INFO  http: GET /api/sepet 200 istek=32a1fb sure=31ms
2026-09-20T10:10:45 INFO  http: POST /api/kargo 200 istek=10c3f2 sure=96ms
2026-09-20T10:10:47 INFO  http: GET /api/odeme 200 istek=3c600d sure=32ms
2026-09-20T10:10:49 INFO  http: POST /api/bildirim 200 istek=522f31 sure=28ms
2026-09-20T10:10:50 INFO  http: GET /api/stok 200 istek=e770a4 sure=49ms
2026-09-20T10:10:52 INFO  http: POST /api/fiyat 200 istek=3e3b60 sure=138ms
2026-09-20T10:10:54 INFO  http: POST /api/sepet 200 istek=0a42fc sure=74ms
2026-09-20T10:10:56 INFO  http: GET /api/stok 200 istek=fc2292 sure=88ms
2026-09-20T10:11:00 INFO  http: POST /api/bildirim 200 istek=072253 sure=46ms
2026-09-20T10:11:02 INFO  http: GET /api/kargo 200 istek=b9dcfb sure=47ms
2026-09-20T10:11:04 INFO  http: POST /api/stok 200 istek=57497f sure=134ms
2026-09-20T10:11:07 INFO  http: GET /api/odeme 200 istek=e8189e sure=33ms
2026-09-20T10:11:10 INFO  http: POST /api/kullanici 200 istek=fa30c5 sure=145ms
2026-09-20T10:11:13 INFO  http: POST /api/sepet 200 istek=eb3b3b sure=23ms
2026-09-20T10:11:16 INFO  http: POST /api/rapor 200 istek=5ff4f6 sure=73ms
2026-09-20T10:11:19 INFO  http: GET /api/sepet 200 istek=5db134 sure=91ms
2026-09-20T10:11:22 INFO  http: POST /api/stok 200 istek=153d8b sure=73ms
2026-09-20T10:11:24 INFO  http: POST /api/odeme 200 istek=839524 sure=121ms
2026-09-20T10:11:25 INFO  http: POST /api/fiyat 200 istek=686b9f sure=100ms
2026-09-20T10:11:26 INFO  http: POST /api/kargo 200 istek=1cec4f sure=109ms
2026-09-20T10:11:28 INFO  http: GET /api/kargo 200 istek=035b2e sure=97ms
2026-09-20T10:11:29 INFO  http: GET /api/stok 200 istek=51fc51 sure=122ms
2026-09-20T10:11:32 INFO  http: POST /api/stok 200 istek=a0d384 sure=10ms
2026-09-20T10:11:34 INFO  http: POST /api/bildirim 200 istek=fed1c0 sure=11ms
2026-09-20T10:11:38 INFO  http: POST /api/sepet 200 istek=ecd111 sure=171ms
2026-09-20T10:11:39 INFO  http: GET /api/kargo 200 istek=1ca47d sure=49ms
2026-09-20T10:11:41 INFO  http: POST /api/kullanici 200 istek=6235d1 sure=17ms
2026-09-20T10:11:42 INFO  http: POST /api/odeme 200 istek=9469a3 sure=73ms
2026-09-20T10:11:43 INFO  http: POST /api/stok 200 istek=5f944a sure=34ms
2026-09-20T10:11:45 INFO  http: POST /api/stok 200 istek=10f7a5 sure=108ms
2026-09-20T10:11:49 INFO  http: GET /api/fiyat 200 istek=dfb1e7 sure=54ms
2026-09-20T10:11:53 INFO  http: POST /api/stok 200 istek=5a2611 sure=120ms
2026-09-20T10:11:54 INFO  http: POST /api/rapor 200 istek=5335aa sure=104ms
2026-09-20T10:11:58 INFO  http: POST /api/kullanici 200 istek=61ff74 sure=119ms
2026-09-20T10:12:01 INFO  http: POST /api/rapor 200 istek=919a5a sure=34ms
2026-09-20T10:12:02 INFO  http: POST /api/odeme 200 istek=33a3df sure=92ms
2026-09-20T10:12:05 INFO  http: GET /api/sepet 200 istek=58a608 sure=109ms
2026-09-20T10:12:09 INFO  http: POST /api/kullanici 200 istek=533986 sure=85ms
2026-09-20T10:12:13 INFO  http: GET /api/kargo 200 istek=faa0d6 sure=55ms
2026-09-20T10:12:16 INFO  http: GET /api/odeme 200 istek=ca92c9 sure=171ms
2026-09-20T10:12:18 INFO  http: GET /api/kargo 200 istek=e8a760 sure=21ms
2026-09-20T10:12:19 INFO  http: GET /api/fiyat 200 istek=e2285e sure=160ms
2026-09-20T10:12:22 INFO  http: POST /api/rapor 200 istek=5373a8 sure=154ms
2026-09-20T10:12:26 INFO  http: POST /api/stok 200 istek=482a4b sure=77ms
2026-09-20T10:12:30 INFO  http: GET /api/sepet 200 istek=896b00 sure=103ms
2026-09-20T10:12:34 INFO  http: GET /api/rapor 200 istek=fde44a sure=133ms
2026-09-20T10:12:38 INFO  http: GET /api/sepet 200 istek=9afc6b sure=97ms
2026-09-20T10:12:39 INFO  http: GET /api/kullanici 200 istek=17ded3 sure=85ms
2026-09-20T10:12:43 INFO  http: POST /api/rapor 200 istek=d53886 sure=53ms
2026-09-20T10:12:46 INFO  http: POST /api/stok 200 istek=1cec80 sure=54ms
2026-09-20T10:12:49 INFO  http: POST /api/kullanici 200 istek=7755f4 sure=13ms
2026-09-20T10:12:50 INFO  http: POST /api/sepet 200 istek=ea38d8 sure=54ms
2026-09-20T10:12:54 INFO  http: POST /api/kullanici 200 istek=779dc9 sure=42ms
2026-09-20T10:12:57 INFO  http: POST /api/rapor 200 istek=4a82f1 sure=84ms
2026-09-20T10:13:01 INFO  http: GET /api/stok 200 istek=7f878d sure=142ms
2026-09-20T10:13:03 INFO  http: POST /api/stok 200 istek=ee2600 sure=96ms
2026-09-20T10:13:04 INFO  http: GET /api/stok 200 istek=1946e5 sure=107ms
2026-09-20T10:13:07 INFO  http: POST /api/sepet 200 istek=847054 sure=28ms
2026-09-20T10:13:11 INFO  http: POST /api/kullanici 200 istek=601bb2 sure=8ms
2026-09-20T10:13:12 INFO  http: GET /api/sepet 200 istek=8a1f52 sure=152ms
2026-09-20T10:13:15 INFO  http: GET /api/rapor 200 istek=e25ce6 sure=103ms
2026-09-20T10:13:16 INFO  http: GET /api/odeme 200 istek=9afdca sure=3ms
2026-09-20T10:13:18 INFO  http: GET /api/rapor 200 istek=789f01 sure=3ms
2026-09-20T10:13:21 INFO  http: GET /api/odeme 200 istek=b1d5f2 sure=137ms
2026-09-20T10:13:24 INFO  http: POST /api/sepet 200 istek=8243eb sure=122ms
2026-09-20T10:13:28 INFO  http: POST /api/sepet 200 istek=e362fe sure=73ms
2026-09-20T10:13:31 INFO  http: GET /api/sepet 200 istek=b47949 sure=81ms
2026-09-20T10:13:33 INFO  http: POST /api/odeme 200 istek=79bc99 sure=41ms
2026-09-20T10:13:34 INFO  http: POST /api/kullanici 200 istek=3f2da8 sure=135ms
2026-09-20T10:13:38 INFO  http: GET /api/kullanici 200 istek=425ea3 sure=155ms
2026-09-20T10:13:40 INFO  http: GET /api/fiyat 200 istek=c528fd sure=78ms
2026-09-20T10:13:44 INFO  http: GET /api/kargo 200 istek=5fee09 sure=123ms
2026-09-20T10:13:45 INFO  http: GET /api/kullanici 200 istek=d98a67 sure=155ms
2026-09-20T10:13:48 INFO  http: POST /api/kullanici 200 istek=c80a66 sure=13ms
2026-09-20T10:13:49 INFO  http: POST /api/odeme 200 istek=115c92 sure=164ms
2026-09-20T10:13:53 INFO  http: POST /api/fiyat 200 istek=69cac8 sure=99ms
2026-09-20T10:13:57 INFO  http: GET /api/kargo 200 istek=3824df sure=38ms
2026-09-20T10:13:59 INFO  http: GET /api/sepet 200 istek=1644ff sure=170ms
2026-09-20T10:14:03 INFO  http: GET /api/kargo 200 istek=3023de sure=30ms
2026-09-20T10:14:07 INFO  http: POST /api/bildirim 200 istek=4d1e08 sure=73ms
2026-09-20T10:14:09 INFO  http: GET /api/bildirim 200 istek=72b96e sure=110ms
2026-09-20T10:14:10 INFO  http: GET /api/kargo 200 istek=2e538a sure=23ms
2026-09-20T10:14:11 INFO  http: POST /api/rapor 200 istek=afcb25 sure=60ms
2026-09-20T10:14:14 INFO  http: GET /api/fiyat 200 istek=c6ceff sure=83ms
2026-09-20T10:14:17 INFO  http: GET /api/stok 200 istek=e815d3 sure=125ms
2026-09-20T10:14:18 INFO  http: POST /api/sepet 200 istek=06c335 sure=38ms
2026-09-20T10:14:19 INFO  http: POST /api/stok 200 istek=c971fe sure=140ms
2026-09-20T10:14:21 INFO  http: GET /api/sepet 200 istek=b3d42a sure=102ms
2026-09-20T10:14:22 INFO  http: GET /api/fiyat 200 istek=11f1fc sure=80ms
2026-09-20T10:14:24 INFO  http: POST /api/kullanici 200 istek=8f9047 sure=7ms
2026-09-20T10:14:27 ERROR bildirim.eposta: SMTP zaman asimi istek=c21d07
2026-09-20T10:14:27 ERROR http: POST /api/bildirim 502 istek=c21d07
2026-09-20T10:14:29 INFO  http: GET /api/bildirim 200 istek=7969df sure=97ms
2026-09-20T10:14:30 INFO  http: POST /api/sepet 200 istek=5c2708 sure=100ms
2026-09-20T10:14:33 INFO  http: GET /api/sepet 200 istek=769010 sure=69ms
2026-09-20T10:14:34 INFO  http: POST /api/rapor 200 istek=b40866 sure=58ms
2026-09-20T10:14:37 INFO  http: POST /api/stok 200 istek=558c80 sure=167ms
2026-09-20T10:14:38 INFO  http: GET /api/kargo 200 istek=96d9d6 sure=90ms
2026-09-20T10:14:42 INFO  http: GET /api/sepet 200 istek=d1b588 sure=60ms
2026-09-20T10:14:46 INFO  http: POST /api/kullanici 200 istek=85c0b6 sure=24ms
2026-09-20T10:14:49 INFO  http: POST /api/stok 200 istek=423111 sure=90ms
2026-09-20T10:14:52 INFO  http: POST /api/stok 200 istek=156add sure=80ms
2026-09-20T10:14:54 INFO  http: POST /api/kullanici 200 istek=fe7f48 sure=167ms
2026-09-20T10:14:56 INFO  http: POST /api/stok 200 istek=d391cf sure=89ms
2026-09-20T10:14:58 INFO  http: POST /api/bildirim 200 istek=8842fb sure=180ms
2026-09-20T10:15:02 INFO  http: POST /api/stok 200 istek=98fb85 sure=178ms
2026-09-20T10:15:06 INFO  http: GET /api/fiyat 200 istek=defaf6 sure=134ms
2026-09-20T10:15:07 INFO  http: POST /api/sepet 200 istek=6fecaf sure=154ms
2026-09-20T10:15:08 INFO  http: GET /api/kullanici 200 istek=70da1d sure=66ms
2026-09-20T10:15:09 INFO  http: GET /api/rapor 200 istek=3c7d29 sure=118ms
2026-09-20T10:15:12 INFO  http: POST /api/sepet 200 istek=9cc542 sure=109ms
2026-09-20T10:15:16 INFO  http: POST /api/kullanici 200 istek=c58887 sure=71ms
2026-09-20T10:15:17 INFO  http: POST /api/odeme 200 istek=9c50c4 sure=166ms
2026-09-20T10:15:18 INFO  http: POST /api/sepet 200 istek=802c22 sure=146ms
2026-09-20T10:15:19 INFO  http: POST /api/kullanici 200 istek=d19f44 sure=90ms
2026-09-20T10:15:23 INFO  http: POST /api/odeme 200 istek=e8eff0 sure=31ms
2026-09-20T10:15:27 INFO  http: GET /api/stok 200 istek=145e57 sure=168ms
2026-09-20T10:15:30 INFO  http: POST /api/stok 200 istek=c5c5eb sure=137ms
2026-09-20T10:15:34 INFO  http: POST /api/fiyat 200 istek=4f4e8e sure=126ms
2026-09-20T10:15:35 INFO  http: GET /api/bildirim 200 istek=12cd3d sure=102ms
2026-09-20T10:15:39 INFO  http: POST /api/odeme 200 istek=e7b55a sure=72ms
2026-09-20T10:15:40 INFO  http: GET /api/bildirim 200 istek=8dc537 sure=170ms
2026-09-20T10:15:41 INFO  http: GET /api/sepet 200 istek=3c501e sure=85ms
2026-09-20T10:15:45 INFO  http: POST /api/kargo 200 istek=47c152 sure=87ms
2026-09-20T10:15:49 INFO  http: GET /api/bildirim 200 istek=f1fbf2 sure=77ms
2026-09-20T10:15:52 INFO  http: GET /api/kullanici 200 istek=7bf24b sure=78ms
2026-09-20T10:15:55 INFO  http: GET /api/fiyat 200 istek=296e0e sure=72ms
2026-09-20T10:15:59 INFO  http: GET /api/fiyat 200 istek=62c6d6 sure=40ms
2026-09-20T10:16:03 INFO  http: GET /api/rapor 200 istek=891bbb sure=149ms
2026-09-20T10:16:04 INFO  http: GET /api/kargo 200 istek=a5420a sure=3ms
2026-09-20T10:16:05 INFO  http: POST /api/bildirim 200 istek=a9ca45 sure=106ms
2026-09-20T10:16:08 INFO  http: GET /api/fiyat 200 istek=31f5d0 sure=160ms
2026-09-20T10:16:11 INFO  http: POST /api/fiyat 200 istek=59ee7a sure=39ms
2026-09-20T10:16:13 INFO  http: GET /api/odeme 200 istek=5ab6c4 sure=156ms
2026-09-20T10:16:15 INFO  http: POST /api/fiyat 200 istek=81efe4 sure=10ms
2026-09-20T10:16:17 INFO  http: GET /api/kullanici 200 istek=79eb3f sure=178ms
2026-09-20T10:16:18 INFO  http: GET /api/bildirim 200 istek=afd59e sure=4ms
2026-09-20T10:16:22 INFO  http: POST /api/kullanici 200 istek=631365 sure=177ms
2026-09-20T10:16:24 INFO  http: POST /api/stok 200 istek=51981e sure=108ms
2026-09-20T10:16:26 INFO  http: GET /api/fiyat 200 istek=e36a51 sure=16ms
2026-09-20T10:16:28 INFO  http: POST /api/kullanici 200 istek=0cf820 sure=17ms
2026-09-20T10:16:29 INFO  http: GET /api/bildirim 200 istek=1a156f sure=95ms
2026-09-20T10:16:32 INFO  http: POST /api/fiyat 200 istek=9a7764 sure=122ms
2026-09-20T10:16:35 INFO  http: GET /api/fiyat 200 istek=fcb91f sure=29ms
2026-09-20T10:16:39 INFO  http: POST /api/sepet 200 istek=a39511 sure=180ms
2026-09-20T10:16:40 INFO  http: POST /api/odeme 200 istek=0263e2 sure=46ms
2026-09-20T10:16:42 INFO  http: POST /api/odeme 200 istek=ff53ab sure=108ms
2026-09-20T10:16:43 INFO  http: GET /api/bildirim 200 istek=5e569b sure=148ms
2026-09-20T10:16:44 INFO  http: POST /api/rapor 200 istek=5f08fb sure=4ms
2026-09-20T10:16:47 INFO  http: POST /api/sepet 200 istek=ac7fbf sure=165ms
2026-09-20T10:16:50 INFO  http: POST /api/rapor 200 istek=667757 sure=120ms
2026-09-20T10:16:53 INFO  http: POST /api/kullanici 200 istek=7e50fc sure=27ms
2026-09-20T10:16:54 INFO  http: GET /api/sepet 200 istek=4ef46a sure=48ms
2026-09-20T10:16:58 INFO  http: POST /api/bildirim 200 istek=212858 sure=160ms
2026-09-20T10:16:59 INFO  http: GET /api/stok 200 istek=7a7359 sure=113ms
2026-09-20T10:17:02 INFO  http: GET /api/fiyat 200 istek=2eb84c sure=52ms
2026-09-20T10:17:04 INFO  http: GET /api/sepet 200 istek=78564b sure=176ms
2026-09-20T10:17:07 INFO  http: GET /api/kullanici 200 istek=2d814c sure=150ms
2026-09-20T10:17:10 INFO  http: POST /api/rapor 200 istek=82a0be sure=77ms
2026-09-20T10:17:11 INFO  http: POST /api/kullanici 200 istek=2e6439 sure=80ms
2026-09-20T10:17:13 INFO  http: POST /api/kargo 200 istek=f93705 sure=60ms
